apiVersion: v1
kind: Pod
metadata:
  name: my-nginx-pod
  labels:
    app: nginx
spec:
  containers:
    - name: nginx
      image: nginx:1.25
      ports:
        - containerPort: 80
---
apiVersion: v1
kind: Service
metadata:
  name: my-nginx-service
spec:
  selector:
    app: nginx
  ports:
    - protocol: TCP
      port: 80
      targetPort: 80
  type: ClusterIP
---
apiVersion: example.com/v2
kind: MyKind
metadata:
  name: one
value: true
---
apiVersion: example.com/v2
kind: MyKind
metadata:
  name: two
value: true
